In mode: Internal_scan...
  Design has scan chains in this mode
  Design is scan routed
  Post-DFT DRC enabled

Information: Starting test design rule checking. (TEST-222)
  Loading test protocol
  ...basic checks...
  ...basic sequential cell checks...
  ...checking vector rules...
  ...checking clock rules...
  ...checking scan chain rules...
  ...checking scan compression rules...
  ...checking X-state rules...
  ...checking tristate rules...
  ...extracting scan details...

-----------------------------------------------------------------
Begin Clock violations...

 Warning: Clock PIs off did not force off clock input RSTB of nonscan DFF counter/pc_reg_reg_5_. (C2-1)
Information: There are 6 other cells with the same violation. (TEST-171)

Clock violations completed...
-----------------------------------------------------------------

-----------------------------------------------------------------
Begin Scan chain violations...

 Warning: Nonscan DFF counter/pc_reg_reg_5_ disturbed during time 0 of load_unload procedure. (S19-1)
Information: There are 6 other cells with the same violation. (TEST-171)

Scan chain violations completed...
-----------------------------------------------------------------

-----------------------------------------------------------------
  DRC Report

  Total violations: 14

-----------------------------------------------------------------

7 CLOCK VIOLATIONS
     7 Unstable nonscan DFF when clocks off violations (C2)

7 SCAN CHAIN VIOLATIONS
     7 Nonscan cell disturb violations (S19)


Warning: Violations occurred during test design rule checking. (TEST-124)

-----------------------------------------------------------------
  Sequential Cell Report

  7 out of 3047 sequential cells have violations

-----------------------------------------------------------------

SEQUENTIAL CELLS WITH VIOLATIONS
      *   7 cells have test design rule violations
SEQUENTIAL CELLS WITHOUT VIOLATIONS
      *3040 cells are valid scan cells

Information: Test design rule checking completed. (TEST-123)
1
